============================= test session starts =============================
platform win32 -- Python 3.12.7, pytest-8.3.5, pluggy-1.5.0
rootdir: C:\Users\amiku\Downloads
plugins: anyio-4.8.0, Faker-37.0.0, Flask-Dance-7.1.0, asyncio-0.25.3, socket-0.7.0, syrupy-4.9.0
asyncio: mode=Mode.STRICT, asyncio_default_fixture_loop_scope=None
collected 0 items / 1 error

=================================== ERRORS ====================================
_ ERROR collecting Project/QuantumWaveFunctionSimulator/tests/test_backend.py _
ImportError while importing test module 'C:\Users\amiku\Downloads\Project\QuantumWaveFunctionSimulator\tests\test_backend.py'.
Hint: make sure your test modules/packages have valid Python names.
Traceback:
..\..\..\anaconda3\Lib\importlib\__init__.py:90: in import_module
    return _bootstrap._gcd_import(name[level:], package, level)
tests\test_backend.py:3: in <module>
    from backend.utils import grid, numerics
E   ModuleNotFoundError: No module named 'backend'
=========================== short test summary info ===========================
ERROR tests\test_backend.py
!!!!!!!!!!!!!!!!!!! Interrupted: 1 error during collection !!!!!!!!!!!!!!!!!!!!
============================== 1 error in 0.73s ===============================
